# Reading CS data 
# Reading 3616 experimental data from data/tmp/bme_experimental_6GZK_unassigned.dat 
# Reading 13 calculated samples from data/tmp/bme_simulated_6GZK_unassigned.dat 
# Using linear averaging 
Initialized uniform weights 13
# Using no scaling 
CHI2: 0.39474 
RMSD: 0.62828 
VIOLATIONS: 45 
##### WARNING ########## 
# The minimum value of the following data is higher than expt range: 
#          label  exp_avg exp_sigma min_calc 
#              67   5.0000   1.0000   8.0000
#              68   0.0000   1.0000   2.0000
#              69   5.0000   1.0000  11.0000
#             132   0.0000   1.0000   5.0000
#             358   3.0000   1.0000   9.0000
#             452   1.0000   1.0000   3.0000
#             453   8.0000   1.0000  10.0000
#             613   1.0000   1.0000   9.0000
#             645   0.0000   1.0000   2.0000
#             710   1.0000   1.0000   3.0000
#            2743   1.0000   1.0000   4.0000
#            2937   0.0000   1.0000   4.0000
##### WARNING ########## 
# The maximum value of the following data is lower than expt range: 
#          label  exp_avg exp_sigma max_calc 
#              34   3.0000   1.0000   1.0000
#              35  14.0000   1.0000   3.0000
#              37   9.0000   1.0000   3.0000
#              38   5.0000   1.0000   0.0000
#             197   2.0000   1.0000   0.0000
#             228   2.0000   1.0000   0.0000
#             229   2.0000   1.0000   0.0000
#             293   2.0000   1.0000   0.0000
#             325   7.0000   1.0000   5.0000
#             326  12.0000   1.0000   4.0000
#             419   3.0000   1.0000   1.0000
#             421  10.0000   1.0000   8.0000
#             486   3.0000   1.0000   1.0000
#             676   4.0000   1.0000   2.0000
#             677  15.0000   1.0000   6.0000
#            1163   3.0000   1.0000   0.0000
#            1164   2.0000   1.0000   0.0000
#            1257   4.0000   1.0000   2.0000
#            2808   3.0000   1.0000   1.0000
       307   4.1270   0.1200   4.3462
#             318   4.1990   0.1200   4.3467
#             330 140.7350   0.8600 142.1943
#             331   5.4290   0.1200   5.6897
#             333   4.3120   0.1200   4.4563
#             337  89.0180   0.8600  91.9430
#             349   5.5060   0.1200   5.7020
#             359  64.9000   0.8600  65.9324
#             360 158.5530   0.8600 159.9381
#             393  71.7690   0.8600  72.7185
#             397   5.3890   0.1200   5.5688
#             415   4.0990   0.1200   4.3137
#             438  64.1560   0.8600  65.1517
#             441   3.7550   0.1200   4.0958
#             448  89.1130   0.8600  91.7752
#             458   4.0170   0.1200   4.2408
#             462   3.9980   0.1200   4.2422
#             464  88.9480   0.8600  92.1450
#             477   2.6820   0.1200   3.6164
#             504   4.4180   0.1200   4.8983
#             506   4.2260   0.1200   4.4325
#             536   6.8070   0.1200   6.9910
#             548  64.5700   0.8600  65.5120
#             551   4.1580   0.1200   4.2920
#             555   4.0610   0.1200   4.2884
#             560  71.7780   0.8600  73.0092
#             571  71.7400   0.8600  72.8511
#             574  64.1820   0.8600  65.5219
#             577   3.9690   0.1200   4.3030
#             583  83.3210   0.8600  92.1767
#             584  72.5100   0.8600  74.9359
#             593   4.1290   0.1200   4.3534
#             597  86.9490   0.8600  90.8923
#             599  74.2060   0.8600  75.1792
#             608   3.1880   0.1200   4.3520
#             610   3.3320   0.1200   4.0720
#             611   3.7400   0.1200   4.1698
#             612   7.4280   0.1200   7.5798
#             628   4.1250   0.1200   4.3169
#             630  90.2460   0.8600  92.8198
#             631  73.3510   0.8600  75.0181
#             654   4.4280   0.1200   4.5862
#             668   4.9590   0.1200   5.0968
#             683   4.0590   0.1200   4.3939
#             696   7.4570   0.1200   7.6375
##### WARNING ########## 
# The maximum value of the following data is lower than expt range: 
#          label  exp_avg exp_sigma max_calc 
#               4 118.5510   0.8600 104.8233
#              11   4.4500   0.1200   4.2451
#              18 118.6340   0.8600 103.9976
#              25   4.4900   0.1200   4.3132
#              32  81.7500   0.8600  80.1292
#              33 120.3120   0.8600  97.3358
#              42   4.5810   0.1200   4.1675
#              48  81.3680   0.8600  79.9172
#              57   4.4510   0.1200   4.1472
#              64 118.0350   0.8600 103.9023
#              75 155.2300   0.8600 154.1097
#              78  82.1170   0.8600  80.5765
#              79 120.1120   0.8600 103.0158
#             107  84.3520   0.8600  83.1594
#             115   6.2030   0.1200   5.7379
#             123 118.5580   0.8600 104.8115
#             126   5.8720   0.1200   5.7110
#             130   4.4990   0.1200   4.2502
#             138 120.9710   0.8600 103.9777
#             147   4.5200   0.1200   4.2892
#             155 120.4460   0.8600 104.3224
#             164   4.6400   0.1200   4.2989
#             179   4.5160   0.1200   4.1704
#             198 118.9470   0.8600 104.6542
#             205   4.4390   0.1200   4.2883
#             213 119.9890   0.8600 104.0317
#             224   8.3850   0.1200   8.1732
#             229  83.1810   0.8600  81.0946
#             230 119.6430   0.8600 104.4132
#             244  82.2400   0.8600  81.1333
#             245 119.7180   0.8600 104.3628
#             251   5.0750   0.1200   4.8900
#             258 119.1900   0.8600 104.6876
#             259  69.3850   0.8600  68.0039
#             267   7.8630   0.1200   7.5967
#             272 118.8930   0.8600 104.0509
#             279   4.4350   0.1200   4.2999
#             297  82.0310   0.8600  80.1555
#             306   4.5750   0.1200   4.2198
#             321   4.4540   0.1200   4.1999
#             324  94.6940   0.8600  92.6717
#             325 154.1680   0.8600 153.1012
#             338 153.5200   0.8600 152.4113
#             340  78.0820   0.8600  75.9518
#             341  85.7420   0.8600  83.0306
#             347   4.6680   0.1200   4.4477
#             348   4.5600   0.1200   4.4128
#             350   4.4880   0.1200   4.1846
#             358 119.4010   0.8600 104.8349
#             365   4.7900   0.1200   4.5361
#             366   4.4110   0.1200   4.2728
#             373 119.4500   0.8600 104.3011
#             394  81.8010   0.8600  80.1712
#             407 118.4810   0.8600 104.4344
#             414   4.4810   0.1200   4.2032
#             429   4.4780   0.1200   4.2526
#             445   4.4870   0.1200   4.3479
#             449 155.0370   0.8600 152.8542
#             451  77.6140   0.8600  74.7322
#             452  86.8840   0.8600  82.5446
#             453 105.3790   0.8600 104.1580
#             454  67.7010   0.8600  66.6134
#             455 144.5520   0.8600 142.8833
#             460   5.8450   0.1200   5.7139
#             466  80.0650   0.8600  75.5883
#             467  84.2410   0.8600  81.8310
#             475   6.1090   0.1200   5.9710
#             479  94.4210   0.8600  93.0777
#             481  77.0660   0.8600  76.1045
#             484 118.6670   0.8600 104.7605
#             487 142.8170   0.8600 141.2356
#             490   5.6010   0.1200   5.4326
#             500 119.0460   0.8600 104.4103
#             501  69.5610   0.8600  68.2442
#             502 162.2740   0.8600 161.0548
#             519   4.6600   0.1200   4.4374
#             523   4.4650   0.1200   4.2496
#             531 120.7110   0.8600 104.5294
#             540   4.4580   0.1200   4.3015
#             547 118.5830   0.8600 104.7170
#             554   4.5480   0.1200   4.2753
#             561 119.3460   0.8600 104.0005
#             573 117.9090   0.8600 104.7448
#             580   4.4950   0.1200   4.2542
#             585  76.3880   0.8600  74.3848
#             586  85.7710   0.8600  82.6546
#             587 117.3170   0.8600 104.5147
#             600  76.1990   0.8600  74.0863
#             601  84.3530   0.8600  81.3535
#             602 105.4490   0.8600 104.3721
#             603  67.5090   0.8600  65.7641
#             604 143.9570   0.8600 142.7173
#             614 155.2060   0.8600 154.0700
#             618 121.1300   0.8600 104.4454
#             622   6.1860   0.1200   5.9478
#             623   8.2370   0.1200   7.9031
#             624   5.1680   0.1200   4.7220
#             625   4.9970   0.1200   4.6721
#             633  84.1690   0.8600  82.4517
#             634  99.3790   0.8600  98.0887
#             635  67.9390   0.8600  65.3287
#             636 142.7190   0.8600 141.4552
#             637   5.7220   0.1200   5.5815
#             639   4.6480   0.1200   4.5260
#             649 118.8420   0.8600 104.4928
#             673  81.8550   0.8600  79.8786
#             682   4.5140   0.1200   4.1251
#             686  77.7090   0.8600  71.9040
#             690   6.0350   0.1200   5.7370
#             691   4.5820   0.1200   4.2945
#             692   4.9260   0.1200   4.3807
#             694   4.5110   0.1200   4.0102
Lagrange multipliers initialized from zero
Optimizing 697 data and 13 samples. Theta=4.993322 
CHI2 before optimization:  23.2284 
Execution time: 0.09 seconds
Minimization using L-BFGS-B successful (iterations:117)
CHI2 after optimization:  22.2315 
Fraction of effective frames:   0.2570 
